// Vitest Snapshot v1

exports[`Environment > Should have attributes, characters, query response sub objects and all attributes from sheet in attributes subobject 1`] = `
{
  "attributes": {
    "backpack": "",
    "base_mod": "",
    "base_num": "",
    "base_total": "",
    "repeat_total": "",
  },
  "otherCharacters": {},
  "queryResponses": {},
  "triggers": [
    {
      "func": [Function],
      "trigger": "sheet:opened",
    },
    {
      "func": [Function],
      "trigger": "change:character_name",
    },
    {
      "func": [Function],
      "trigger": "change:base_num",
    },
    {
      "func": [Function],
      "trigger": "change:base_total",
    },
    {
      "func": [Function],
      "trigger": "change:base_mod",
    },
    {
      "func": [Function],
      "trigger": "change:repeat_total",
    },
    {
      "func": [Function],
      "trigger": "change:backpack",
    },
    {
      "func": [Function],
      "trigger": "change:repeating_equipment:name",
    },
    {
      "func": [Function],
      "trigger": "change:repeating_equipment:weight",
    },
    {
      "func": [Function],
      "trigger": "change:repeating_equipment:quantity",
    },
    {
      "func": [Function],
      "trigger": "change:repeating_equipment:total_weight",
    },
  ],
}
`;
