// Vitest Snapshot v1

exports[`Environment > Should have attributes, characters, query response sub objects and all attributes from sheet in attributes subobject 1`] = `
{
  "attributes": {
    "test_roller_action": "",
    "test_text": "",
  },
  "otherCharacters": {},
  "queryResponses": {},
  "triggers": [
    {
      "func": [Function],
      "trigger": "sheet:opened",
    },
    {
      "func": [Function],
      "trigger": "change:character_name",
    },
  ],
}
`;
